c:\users\hadenpel\desktop\hadenpel\강의 자료\3-2\네트워크 게임 프로그래밍\networkgamepl\pew & pew\engine\x64\debug\engine.pch
c:\users\hadenpel\desktop\hadenpel\강의 자료\3-2\네트워크 게임 프로그래밍\networkgamepl\pew & pew\output\engine.pdb
c:\users\hadenpel\desktop\hadenpel\강의 자료\3-2\네트워크 게임 프로그래밍\networkgamepl\pew & pew\output\engine.idb
c:\users\hadenpel\desktop\hadenpel\강의 자료\3-2\네트워크 게임 프로그래밍\networkgamepl\pew & pew\engine\x64\debug\pch.obj
c:\users\hadenpel\desktop\hadenpel\강의 자료\3-2\네트워크 게임 프로그래밍\networkgamepl\pew & pew\engine\x64\debug\windowinfo.obj
c:\users\hadenpel\desktop\hadenpel\강의 자료\3-2\네트워크 게임 프로그래밍\networkgamepl\pew & pew\engine\x64\debug\timer.obj
c:\users\hadenpel\desktop\hadenpel\강의 자료\3-2\네트워크 게임 프로그래밍\networkgamepl\pew & pew\engine\x64\debug\stb_image.obj
c:\users\hadenpel\desktop\hadenpel\강의 자료\3-2\네트워크 게임 프로그래밍\networkgamepl\pew & pew\engine\x64\debug\staticobjectmanager.obj
c:\users\hadenpel\desktop\hadenpel\강의 자료\3-2\네트워크 게임 프로그래밍\networkgamepl\pew & pew\engine\x64\debug\staticobject.obj
c:\users\hadenpel\desktop\hadenpel\강의 자료\3-2\네트워크 게임 프로그래밍\networkgamepl\pew & pew\engine\x64\debug\skybox.obj
c:\users\hadenpel\desktop\hadenpel\강의 자료\3-2\네트워크 게임 프로그래밍\networkgamepl\pew & pew\engine\x64\debug\shadowmapping.obj
c:\users\hadenpel\desktop\hadenpel\강의 자료\3-2\네트워크 게임 프로그래밍\networkgamepl\pew & pew\engine\x64\debug\maincharacter.obj
c:\users\hadenpel\desktop\hadenpel\강의 자료\3-2\네트워크 게임 프로그래밍\networkgamepl\pew & pew\engine\x64\debug\input.obj
c:\users\hadenpel\desktop\hadenpel\강의 자료\3-2\네트워크 게임 프로그래밍\networkgamepl\pew & pew\engine\x64\debug\graphicsmanager.obj
c:\users\hadenpel\desktop\hadenpel\강의 자료\3-2\네트워크 게임 프로그래밍\networkgamepl\pew & pew\engine\x64\debug\enginepch.obj
c:\users\hadenpel\desktop\hadenpel\강의 자료\3-2\네트워크 게임 프로그래밍\networkgamepl\pew & pew\engine\x64\debug\engine.obj
c:\users\hadenpel\desktop\hadenpel\강의 자료\3-2\네트워크 게임 프로그래밍\networkgamepl\pew & pew\engine\x64\debug\camera.obj
c:\users\hadenpel\desktop\hadenpel\강의 자료\3-2\네트워크 게임 프로그래밍\networkgamepl\pew & pew\engine\x64\debug\bullet.obj
c:\users\hadenpel\desktop\hadenpel\강의 자료\3-2\네트워크 게임 프로그래밍\networkgamepl\pew & pew\engine\x64\debug\animatedmodel.obj
c:\users\hadenpel\desktop\hadenpel\강의 자료\3-2\네트워크 게임 프로그래밍\networkgamepl\pew & pew\engine\x64\debug\enemy.obj
c:\users\hadenpel\desktop\hadenpel\강의 자료\3-2\네트워크 게임 프로그래밍\networkgamepl\pew & pew\output\engine.lib
c:\users\hadenpel\desktop\hadenpel\강의 자료\3-2\네트워크 게임 프로그래밍\networkgamepl\pew & pew\engine\x64\debug\engine.tlog\cl.command.1.tlog
c:\users\hadenpel\desktop\hadenpel\강의 자료\3-2\네트워크 게임 프로그래밍\networkgamepl\pew & pew\engine\x64\debug\engine.tlog\cl.items.tlog
c:\users\hadenpel\desktop\hadenpel\강의 자료\3-2\네트워크 게임 프로그래밍\networkgamepl\pew & pew\engine\x64\debug\engine.tlog\cl.read.1.tlog
c:\users\hadenpel\desktop\hadenpel\강의 자료\3-2\네트워크 게임 프로그래밍\networkgamepl\pew & pew\engine\x64\debug\engine.tlog\cl.write.1.tlog
c:\users\hadenpel\desktop\hadenpel\강의 자료\3-2\네트워크 게임 프로그래밍\networkgamepl\pew & pew\engine\x64\debug\engine.tlog\lib-link.read.1.tlog
c:\users\hadenpel\desktop\hadenpel\강의 자료\3-2\네트워크 게임 프로그래밍\networkgamepl\pew & pew\engine\x64\debug\engine.tlog\lib-link.write.1.tlog
c:\users\hadenpel\desktop\hadenpel\강의 자료\3-2\네트워크 게임 프로그래밍\networkgamepl\pew & pew\engine\x64\debug\engine.tlog\lib.command.1.tlog
