c:\users\alwjw\onedrive\바탕 화면\studyfolder\gameserver\pew & pew\refactoring\x64\release\vc143.pdb
c:\users\alwjw\onedrive\바탕 화면\studyfolder\gameserver\pew & pew\refactoring\x64\release\start.obj
c:\users\alwjw\onedrive\바탕 화면\studyfolder\gameserver\pew & pew\x64\release\assimp-vc143-mt.dll
c:\users\alwjw\onedrive\바탕 화면\studyfolder\gameserver\pew & pew\x64\release\poly2tri.dll
c:\users\alwjw\onedrive\바탕 화면\studyfolder\gameserver\pew & pew\x64\release\minizip.dll
c:\users\alwjw\onedrive\바탕 화면\studyfolder\gameserver\pew & pew\x64\release\zlib1.dll
c:\users\alwjw\onedrive\바탕 화면\studyfolder\gameserver\pew & pew\x64\release\pugixml.dll
c:\users\alwjw\onedrive\바탕 화면\studyfolder\gameserver\pew & pew\x64\release\client.exe
c:\users\alwjw\onedrive\바탕 화면\studyfolder\gameserver\pew & pew\x64\release\client.pdb
c:\users\alwjw\onedrive\바탕 화면\studyfolder\gameserver\pew & pew\refactoring\x64\release\client.ipdb
c:\users\alwjw\onedrive\바탕 화면\studyfolder\gameserver\pew & pew\refactoring\x64\release\client.iobj
c:\users\alwjw\onedrive\바탕 화면\studyfolder\gameserver\pew & pew\refactoring\x64\release\client.tlog\cl.command.1.tlog
c:\users\alwjw\onedrive\바탕 화면\studyfolder\gameserver\pew & pew\refactoring\x64\release\client.tlog\cl.items.tlog
c:\users\alwjw\onedrive\바탕 화면\studyfolder\gameserver\pew & pew\refactoring\x64\release\client.tlog\cl.read.1.tlog
c:\users\alwjw\onedrive\바탕 화면\studyfolder\gameserver\pew & pew\refactoring\x64\release\client.tlog\cl.write.1.tlog
c:\users\alwjw\onedrive\바탕 화면\studyfolder\gameserver\pew & pew\refactoring\x64\release\client.tlog\client.write.1u.tlog
c:\users\alwjw\onedrive\바탕 화면\studyfolder\gameserver\pew & pew\refactoring\x64\release\client.tlog\link.command.1.tlog
c:\users\alwjw\onedrive\바탕 화면\studyfolder\gameserver\pew & pew\refactoring\x64\release\client.tlog\link.read.1.tlog
c:\users\alwjw\onedrive\바탕 화면\studyfolder\gameserver\pew & pew\refactoring\x64\release\client.tlog\link.secondary.1.tlog
c:\users\alwjw\onedrive\바탕 화면\studyfolder\gameserver\pew & pew\refactoring\x64\release\client.tlog\link.write.1.tlog
