c:\users\alwjw\onedrive\바탕 화면\studyfolder\gameserver\pew & pew\engine\x64\release\engine.pch
c:\users\alwjw\onedrive\바탕 화면\studyfolder\gameserver\pew & pew\output\engine.pdb
c:\users\alwjw\onedrive\바탕 화면\studyfolder\gameserver\pew & pew\engine\x64\release\pch.obj
c:\users\alwjw\onedrive\바탕 화면\studyfolder\gameserver\pew & pew\engine\x64\release\windowinfo.obj
c:\users\alwjw\onedrive\바탕 화면\studyfolder\gameserver\pew & pew\engine\x64\release\timer.obj
c:\users\alwjw\onedrive\바탕 화면\studyfolder\gameserver\pew & pew\engine\x64\release\stb_image.obj
c:\users\alwjw\onedrive\바탕 화면\studyfolder\gameserver\pew & pew\engine\x64\release\staticobjectmanager.obj
c:\users\alwjw\onedrive\바탕 화면\studyfolder\gameserver\pew & pew\engine\x64\release\staticobject.obj
c:\users\alwjw\onedrive\바탕 화면\studyfolder\gameserver\pew & pew\engine\x64\release\skybox.obj
c:\users\alwjw\onedrive\바탕 화면\studyfolder\gameserver\pew & pew\engine\x64\release\shadowmapping.obj
c:\users\alwjw\onedrive\바탕 화면\studyfolder\gameserver\pew & pew\engine\x64\release\maincharacter.obj
c:\users\alwjw\onedrive\바탕 화면\studyfolder\gameserver\pew & pew\engine\x64\release\input.obj
c:\users\alwjw\onedrive\바탕 화면\studyfolder\gameserver\pew & pew\engine\x64\release\graphicsmanager.obj
c:\users\alwjw\onedrive\바탕 화면\studyfolder\gameserver\pew & pew\engine\x64\release\enginepch.obj
c:\users\alwjw\onedrive\바탕 화면\studyfolder\gameserver\pew & pew\engine\x64\release\engine.obj
c:\users\alwjw\onedrive\바탕 화면\studyfolder\gameserver\pew & pew\engine\x64\release\camera.obj
c:\users\alwjw\onedrive\바탕 화면\studyfolder\gameserver\pew & pew\engine\x64\release\bullet.obj
c:\users\alwjw\onedrive\바탕 화면\studyfolder\gameserver\pew & pew\engine\x64\release\animatedmodel.obj
c:\users\alwjw\onedrive\바탕 화면\studyfolder\gameserver\pew & pew\engine\x64\release\enemy.obj
c:\users\alwjw\onedrive\바탕 화면\studyfolder\gameserver\pew & pew\output\engine.lib
c:\users\alwjw\onedrive\바탕 화면\studyfolder\넷겜플\pew & pew\engine\x64\release\animatedmodel.obj
c:\users\alwjw\onedrive\바탕 화면\studyfolder\넷겜플\pew & pew\engine\x64\release\bullet.obj
c:\users\alwjw\onedrive\바탕 화면\studyfolder\넷겜플\pew & pew\engine\x64\release\camera.obj
c:\users\alwjw\onedrive\바탕 화면\studyfolder\넷겜플\pew & pew\engine\x64\release\enemy.obj
c:\users\alwjw\onedrive\바탕 화면\studyfolder\넷겜플\pew & pew\engine\x64\release\engine.obj
c:\users\alwjw\onedrive\바탕 화면\studyfolder\넷겜플\pew & pew\engine\x64\release\enginepch.obj
c:\users\alwjw\onedrive\바탕 화면\studyfolder\넷겜플\pew & pew\engine\x64\release\graphicsmanager.obj
c:\users\alwjw\onedrive\바탕 화면\studyfolder\넷겜플\pew & pew\engine\x64\release\input.obj
c:\users\alwjw\onedrive\바탕 화면\studyfolder\넷겜플\pew & pew\engine\x64\release\maincharacter.obj
c:\users\alwjw\onedrive\바탕 화면\studyfolder\넷겜플\pew & pew\engine\x64\release\pch.obj
c:\users\alwjw\onedrive\바탕 화면\studyfolder\넷겜플\pew & pew\engine\x64\release\shadowmapping.obj
c:\users\alwjw\onedrive\바탕 화면\studyfolder\넷겜플\pew & pew\engine\x64\release\skybox.obj
c:\users\alwjw\onedrive\바탕 화면\studyfolder\넷겜플\pew & pew\engine\x64\release\staticobject.obj
c:\users\alwjw\onedrive\바탕 화면\studyfolder\넷겜플\pew & pew\engine\x64\release\staticobjectmanager.obj
c:\users\alwjw\onedrive\바탕 화면\studyfolder\넷겜플\pew & pew\engine\x64\release\stb_image.obj
c:\users\alwjw\onedrive\바탕 화면\studyfolder\넷겜플\pew & pew\engine\x64\release\timer.obj
c:\users\alwjw\onedrive\바탕 화면\studyfolder\넷겜플\pew & pew\engine\x64\release\windowinfo.obj
c:\users\alwjw\onedrive\바탕 화면\studyfolder\넷겜플\pew & pew\engine\x64\release\engine.pch
c:\users\alwjw\onedrive\바탕 화면\studyfolder\넷겜플\pew & pew\output\engine.pdb
c:\users\alwjw\onedrive\바탕 화면\studyfolder\넷겜플\pew & pew\output\engine.lib
c:\users\alwjw\onedrive\바탕 화면\studyfolder\넷겜플\pew & pew\engine\x64\release\engine.tlog\cl.command.1.tlog
c:\users\alwjw\onedrive\바탕 화면\studyfolder\넷겜플\pew & pew\engine\x64\release\engine.tlog\cl.items.tlog
c:\users\alwjw\onedrive\바탕 화면\studyfolder\넷겜플\pew & pew\engine\x64\release\engine.tlog\cl.read.1.tlog
c:\users\alwjw\onedrive\바탕 화면\studyfolder\넷겜플\pew & pew\engine\x64\release\engine.tlog\cl.write.1.tlog
c:\users\alwjw\onedrive\바탕 화면\studyfolder\넷겜플\pew & pew\engine\x64\release\engine.tlog\lib-link.read.1.tlog
c:\users\alwjw\onedrive\바탕 화면\studyfolder\넷겜플\pew & pew\engine\x64\release\engine.tlog\lib-link.write.1.tlog
c:\users\alwjw\onedrive\바탕 화면\studyfolder\넷겜플\pew & pew\engine\x64\release\engine.tlog\lib.command.1.tlog
