c:\users\hadenpel\desktop\hadenpel\강의 자료\3-2\네트워크 게임 프로그래밍\networkgamepl\pew & pew\refactoring\x64\debug\client.pch
c:\users\hadenpel\desktop\hadenpel\강의 자료\3-2\네트워크 게임 프로그래밍\networkgamepl\pew & pew\refactoring\x64\debug\vc143.pdb
c:\users\hadenpel\desktop\hadenpel\강의 자료\3-2\네트워크 게임 프로그래밍\networkgamepl\pew & pew\refactoring\x64\debug\vc143.idb
c:\users\hadenpel\desktop\hadenpel\강의 자료\3-2\네트워크 게임 프로그래밍\networkgamepl\pew & pew\refactoring\x64\debug\pch.obj
c:\users\hadenpel\desktop\hadenpel\강의 자료\3-2\네트워크 게임 프로그래밍\networkgamepl\pew & pew\refactoring\x64\debug\start.obj
c:\users\hadenpel\desktop\hadenpel\강의 자료\3-2\네트워크 게임 프로그래밍\networkgamepl\pew & pew\refactoring\x64\debug\game.obj
c:\users\alwjw\onedrive\바탕 화면\studyfolder\gameserver\pew & pew\x64\debug\assimp-vc143-mtd.dll
c:\users\alwjw\onedrive\바탕 화면\studyfolder\gameserver\pew & pew\x64\debug\poly2tri.dll
c:\users\alwjw\onedrive\바탕 화면\studyfolder\gameserver\pew & pew\x64\debug\minizip.dll
c:\users\alwjw\onedrive\바탕 화면\studyfolder\gameserver\pew & pew\x64\debug\zlibd1.dll
c:\users\alwjw\onedrive\바탕 화면\studyfolder\gameserver\pew & pew\x64\debug\pugixml.dll
c:\users\alwjw\onedrive\바탕 화면\studyfolder\넷겜플\pew & pew\x64\debug\assimp-vc143-mtd.dll
c:\users\alwjw\onedrive\바탕 화면\studyfolder\넷겜플\pew & pew\x64\debug\poly2tri.dll
c:\users\alwjw\onedrive\바탕 화면\studyfolder\넷겜플\pew & pew\x64\debug\minizip.dll
c:\users\alwjw\onedrive\바탕 화면\studyfolder\넷겜플\pew & pew\x64\debug\zlibd1.dll
c:\users\alwjw\onedrive\바탕 화면\studyfolder\넷겜플\pew & pew\x64\debug\pugixml.dll
c:\users\hadenpel\desktop\hadenpel\강의 자료\3-2\네트워크 게임 프로그래밍\networkgamepl\pew & pew\x64\debug\assimp-vc143-mtd.dll
c:\users\hadenpel\desktop\hadenpel\강의 자료\3-2\네트워크 게임 프로그래밍\networkgamepl\pew & pew\x64\debug\poly2tri.dll
c:\users\hadenpel\desktop\hadenpel\강의 자료\3-2\네트워크 게임 프로그래밍\networkgamepl\pew & pew\x64\debug\minizip.dll
c:\users\hadenpel\desktop\hadenpel\강의 자료\3-2\네트워크 게임 프로그래밍\networkgamepl\pew & pew\x64\debug\zlibd1.dll
c:\users\hadenpel\desktop\hadenpel\강의 자료\3-2\네트워크 게임 프로그래밍\networkgamepl\pew & pew\x64\debug\pugixml.dll
c:\users\hadenpel\desktop\hadenpel\강의 자료\3-2\네트워크 게임 프로그래밍\networkgamepl\pew & pew\x64\debug\client.exe
c:\users\hadenpel\desktop\hadenpel\강의 자료\3-2\네트워크 게임 프로그래밍\networkgamepl\pew & pew\x64\debug\client.pdb
c:\users\hadenpel\desktop\hadenpel\강의 자료\3-2\네트워크 게임 프로그래밍\networkgamepl\pew & pew\refactoring\x64\debug\client.ilk
c:\users\hadenpel\desktop\hadenpel\강의 자료\3-2\네트워크 게임 프로그래밍\networkgamepl\pew & pew\refactoring\x64\debug\client.tlog\cl.command.1.tlog
c:\users\hadenpel\desktop\hadenpel\강의 자료\3-2\네트워크 게임 프로그래밍\networkgamepl\pew & pew\refactoring\x64\debug\client.tlog\cl.items.tlog
c:\users\hadenpel\desktop\hadenpel\강의 자료\3-2\네트워크 게임 프로그래밍\networkgamepl\pew & pew\refactoring\x64\debug\client.tlog\cl.read.1.tlog
c:\users\hadenpel\desktop\hadenpel\강의 자료\3-2\네트워크 게임 프로그래밍\networkgamepl\pew & pew\refactoring\x64\debug\client.tlog\cl.write.1.tlog
c:\users\hadenpel\desktop\hadenpel\강의 자료\3-2\네트워크 게임 프로그래밍\networkgamepl\pew & pew\refactoring\x64\debug\client.tlog\client.write.1u.tlog
c:\users\hadenpel\desktop\hadenpel\강의 자료\3-2\네트워크 게임 프로그래밍\networkgamepl\pew & pew\refactoring\x64\debug\client.tlog\link.command.1.tlog
c:\users\hadenpel\desktop\hadenpel\강의 자료\3-2\네트워크 게임 프로그래밍\networkgamepl\pew & pew\refactoring\x64\debug\client.tlog\link.read.1.tlog
c:\users\hadenpel\desktop\hadenpel\강의 자료\3-2\네트워크 게임 프로그래밍\networkgamepl\pew & pew\refactoring\x64\debug\client.tlog\link.secondary.1.tlog
c:\users\hadenpel\desktop\hadenpel\강의 자료\3-2\네트워크 게임 프로그래밍\networkgamepl\pew & pew\refactoring\x64\debug\client.tlog\link.write.1.tlog
